projects/amazon-trend-analyzer/qb_chunks/page_818_skip818000.csv
ASIN Buyability Flag,asin_status,CVR%,revenue,asp,units,gv,Images #,Videos #,Has A+ Content,Buybox Winner,Average Rating,Number of Ratings,bb_price,Ad CTR%,Ad CVR%,bsr,brand,Ad CPC$,ASIN (Description),Update Type,Sold By Amazon,Has Coupon?,Has Store Link?,In Stock Today?,category,Sellable On Hand Units,asin,date,Ad Cost,Ad Sales,Ad Clicks,Ad Impressions,Ad Conversions
In Stock,ACTIVE,0.059,22.0,22.0,1.0,17.0,5.0,0.0,False,,4.8,4613.0,22.0,0.0,,67.0,Glad for Kids,,"B0GF48QN53 (Glad Kids - 7"" Round Paper Plate - 20ct - Paw Patrol - Core Pups Blue (5 pack))",[],True,False,True,True,Disposable Tabletop,60.0,B0GF48QN53,2026-05-07,0.0,0.0,0.0,4.0,0.0
In Stock,ACTIVE,0.045,22.0,22.0,1.0,22.0,5.0,0.0,False,,4.8,4612.0,21.79,0.01275510204081633,0.0,59.0,Glad for Kids,0.654,"B0GF48QN53 (Glad Kids - 7"" Round Paper Plate - 20ct - Paw Patrol - Core Pups Blue (5 pack))",[],True,False,True,True,Disposable Tabletop,62.0,B0GF48QN53,2026-05-06,3.27,0.0,5.0,392.0,0.0
In Stock,ACTIVE,0.032,21.0,20.93,1.0,31.0,5.0,0.0,False,,4.8,4611.0,21.79,0.0108695652173913,0.25,47.0,Glad for Kids,0.6825,"B0GF48QN53 (Glad Kids - 7"" Round Paper Plate - 20ct - Paw Patrol - Core Pups Blue (5 pack))",[],True,False,True,True,Disposable Tabletop,60.0,B0GF48QN53,2026-05-05,2.73,5.86,4.0,368.0,1.0
In Stock,ACTIVE,0.138,87.0,21.76,4.0,29.0,5.0,0.0,False,,4.8,4609.0,22.87,0.02227722772277228,0.3333333333333333,53.0,Glad for Kids,0.7488888888888889,"B0GF48QN53 (Glad Kids - 7"" Round Paper Plate - 20ct - Paw Patrol - Core Pups Blue (5 pack))",[],True,False,True,True,Disposable Tabletop,71.0,B0GF48QN53,2026-05-04,6.74,18.91,9.0,404.0,3.0
In Stock,ACTIVE,0.1,69.0,22.87,3.0,30.0,5.0,0.0,False,,4.8,4609.0,22.87,0.0119047619047619,1.333333333333333,53.0,Glad for Kids,0.7633333333333333,"B0GF48QN53 (Glad Kids - 7"" Round Paper Plate - 20ct - Paw Patrol - Core Pups Blue (5 pack))",[],True,False,True,True,Disposable Tabletop,82.0,B0GF48QN53,2026-05-03,2.29,29.2,3.0,252.0,4.0
In Stock,ACTIVE,0.08,45.0,22.65,2.0,25.0,5.0,0.0,False,,4.8,4607.0,22.65,0.03875968992248062,0.9,57.0,Glad for Kids,0.55,"B0GF48QN53 (Glad Kids - 7"" Round Paper Plate - 20ct - Paw Patrol - Core Pups Blue (5 pack))",[],True,False,True,True,Disposable Tabletop,54.0,B0GF48QN53,2026-05-02,5.5,102.46,10.0,258.0,9.0
In Stock,ACTIVE,0.043,23.0,22.65,1.0,23.0,5.0,0.0,False,,4.8,4606.0,22.65,0.01886792452830189,0.8333333333333334,51.0,Glad for Kids,0.6166666666666667,"B0GF48QN53 (Glad Kids - 7"" Round Paper Plate - 20ct - Paw Patrol - Core Pups Blue (5 pack))",[],True,False,True,True,Disposable Tabletop,38.0,B0GF48QN53,2026-05-01,3.7,28.24,6.0,318.0,5.0
In Stock,ACTIVE,0.0,0.0,,0.0,25.0,5.0,0.0,False,,4.8,4606.0,22.7,0.01432664756446991,0.4,47.0,Glad for Kids,0.568,"B0GF48QN53 (Glad Kids - 7"" Round Paper Plate - 20ct - Paw Patrol - Core Pups Blue (5 pack))",[],True,False,True,True,Disposable Tabletop,33.0,B0GF48QN53,2026-04-30,2.84,11.36,5.0,349.0,2.0
In Stock,ACTIVE,0.033,23.0,22.7,1.0,30.0,5.0,0.0,False,,4.8,4603.0,22.7,0.0213903743315508,0.125,39.0,Glad for Kids,0.53625,"B0GF48QN53 (Glad Kids - 7"" Round Paper Plate - 20ct - Paw Patrol - Core Pups Blue (5 pack))",[],True,False,True,True,Disposable Tabletop,47.0,B0GF48QN53,2026-04-29,4.29,5.86,8.0,374.0,1.0
In Stock,ACTIVE,0.033,23.0,22.7,1.0,30.0,5.0,0.0,False,,4.8,4602.0,22.7,0.02893890675241157,0.3333333333333333,43.0,Glad for Kids,0.5766666666666667,"B0GF48QN53 (Glad Kids - 7"" Round Paper Plate - 20ct - Paw Patrol - Core Pups Blue (5 pack))",[],True,False,True,True,Disposable Tabletop,48.0,B0GF48QN53,2026-04-28,5.19,72.66,9.0,311.0,3.0
In Stock,ACTIVE,0.0,,,,32.0,5.0,0.0,False,,,,22.7,0.02030456852791878,0.25,4409.0,Glad for Kids,0.3925,"B0GF48QN53 (Glad Kids - 7"" Round Paper Plate - 20ct - Paw Patrol - Core Pups Blue (5 pack))",[],True,False,True,True,Disposable Tabletop,40.0,B0GF48QN53,2026-04-27,1.57,10.94,4.0,197.0,1.0
In Stock,ACTIVE,0.0,,,,16.0,5.0,0.0,False,,,,22.59,0.03508771929824561,0.0,3994.0,Glad for Kids,0.645,"B0GF48QN53 (Glad Kids - 7"" Round Paper Plate - 20ct - Paw Patrol - Core Pups Blue (5 pack))",[],True,False,True,True,Disposable Tabletop,24.0,B0GF48QN53,2026-04-26,6.45,0.0,10.0,285.0,0.0
In Stock,ACTIVE,0.0,,,,16.0,5.0,0.0,False,,,,22.59,0.02235772357723577,0.3636363636363636,3455.0,Glad for Kids,0.6018181818181818,"B0GF48QN53 (Glad Kids - 7"" Round Paper Plate - 20ct - Paw Patrol - Core Pups Blue (5 pack))",[],True,False,True,True,Disposable Tabletop,16.0,B0GF48QN53,2026-04-25,6.62,63.52,11.0,492.0,4.0
In Stock,ACTIVE,0.0,0.0,,0.0,10.0,5.0,0.0,False,,,,22.59,0.01101928374655647,0.0,3267.0,Glad for Kids,0.555,"B0GF48QN53 (Glad Kids - 7"" Round Paper Plate - 20ct - Paw Patrol - Core Pups Blue (5 pack))",[],True,False,True,True,Disposable Tabletop,34.0,B0GF48QN53,2026-04-24,2.22,0.0,4.0,363.0,0.0
In Stock,ACTIVE,0.0,0.0,,0.0,12.0,5.0,0.0,False,,,,22.55,0.0141643059490085,0.8,3394.0,Glad for Kids,0.55,"B0GF48QN53 (Glad Kids - 7"" Round Paper Plate - 20ct - Paw Patrol - Core Pups Blue (5 pack))",[],True,False,True,True,Disposable Tabletop,6.0,B0GF48QN53,2026-04-23,2.75,28.44,5.0,353.0,4.0
In Stock,ACTIVE,0.091,22.0,22.44,1.0,11.0,5.0,0.0,False,,,,22.44,0.01923076923076923,0.7142857142857143,2668.0,Glad for Kids,0.4671428571428571,"B0GF48QN53 (Glad Kids - 7"" Round Paper Plate - 20ct - Paw Patrol - Core Pups Blue (5 pack))",[],True,False,True,True,Disposable Tabletop,7.0,B0GF48QN53,2026-04-22,3.27,61.46,7.0,364.0,5.0
In Stock,ACTIVE,0.0,0.0,,0.0,7.0,5.0,0.0,False,,,,22.44,0.005899705014749262,1.0,1935.0,Glad for Kids,0.485,"B0GF48QN53 (Glad Kids - 7"" Round Paper Plate - 20ct - Paw Patrol - Core Pups Blue (5 pack))",[],True,False,True,True,Disposable Tabletop,7.0,B0GF48QN53,2026-04-21,0.97,11.85,2.0,339.0,2.0
In Stock,ACTIVE,0.0,0.0,,0.0,14.0,5.0,0.0,False,,4.8,4593.0,22.44,0.01785714285714286,0.0,43.0,Glad for Kids,0.5633333333333334,"B0GF48QN53 (Glad Kids - 7"" Round Paper Plate - 20ct - Paw Patrol - Core Pups Blue (5 pack))",[],True,False,True,True,Disposable Tabletop,7.0,B0GF48QN53,2026-04-20,3.38,0.0,6.0,336.0,0.0
In Stock,ACTIVE,0.075,67.0,22.44,3.0,40.0,5.0,0.0,False,,4.8,4593.0,22.61,0.03431372549019608,0.5,45.0,Glad for Kids,0.5592857142857143,"B0GF48QN53 (Glad Kids - 7"" Round Paper Plate - 20ct - Paw Patrol - Core Pups Blue (5 pack))",[],True,False,True,True,Disposable Tabletop,8.0,B0GF48QN53,2026-04-19,7.83,83.56,14.0,408.0,7.0
In Stock,ACTIVE,0.111,68.0,22.61,3.0,27.0,5.0,0.0,False,,4.8,4592.0,22.5,0.02430555555555556,0.7142857142857143,49.0,Glad for Kids,0.5557142857142857,"B0GF48QN53 (Glad Kids - 7"" Round Paper Plate - 20ct - Paw Patrol - Core Pups Blue (5 pack))",[],True,False,True,True,Disposable Tabletop,12.0,B0GF48QN53,2026-04-18,3.89,94.68,7.0,288.0,5.0
In Stock,ACTIVE,0.115,68.0,22.5,3.0,26.0,0.0,0.0,False,,4.8,4592.0,22.52,0.02857142857142857,0.4285714285714285,48.0,Glad for Kids,0.3842857142857143,"B0GF48QN53 (Glad Kids - 7"" Round Paper Plate - 20ct - Paw Patrol - Core Pups Blue (5 pack))",[],True,False,True,True,Disposable Tabletop,14.0,B0GF48QN53,2026-04-17,2.69,52.45,7.0,245.0,3.0
In Stock,ACTIVE,0.083,23.0,22.52,1.0,12.0,5.0,0.0,False,,4.8,4592.0,22.52,0.02538071065989848,0.4,52.0,Glad for Kids,0.512,"B0GF48QN53 (Glad Kids - 7"" Round Paper Plate - 20ct - Paw Patrol - Core Pups Blue (5 pack))",[],True,False,True,True,Disposable Tabletop,14.0,B0GF48QN53,2026-04-16,2.56,14.99,5.0,197.0,2.0
In Stock,ACTIVE,0.129,90.0,22.52,4.0,31.0,5.0,0.0,False,,4.8,4592.0,22.99,0.03349282296650718,0.0,49.0,Glad for Kids,0.5442857142857143,"B0GF48QN53 (Glad Kids - 7"" Round Paper Plate - 20ct - Paw Patrol - Core Pups Blue (5 pack))",[],True,False,True,True,Disposable Tabletop,17.0,B0GF48QN53,2026-04-15,3.81,0.0,7.0,209.0,0.0
In Stock,ACTIVE,0.03700000000000001,23.0,22.99,1.0,27.0,5.0,0.0,False,,4.8,4592.0,22.99,0.02010050251256281,0.5,38.0,Glad for Kids,0.575,"B0GF48QN53 (Glad Kids - 7"" Round Paper Plate - 20ct - Paw Patrol - Core Pups Blue (5 pack))",[],True,False,True,True,Disposable Tabletop,20.0,B0GF48QN53,2026-04-14,2.3,26.31,4.0,199.0,2.0
In Stock,ACTIVE,0.087,46.0,22.99,2.0,23.0,5.0,0.0,False,,4.8,4590.0,22.99,0.02222222222222222,1.0,44.0,Glad for Kids,0.5966666666666667,"B0GF48QN53 (Glad Kids - 7"" Round Paper Plate - 20ct - Paw Patrol - Core Pups Blue (5 pack))",[],True,False,True,True,Disposable Tabletop,22.0,B0GF48QN53,2026-04-13,1.79,15.84,3.0,135.0,3.0
In Stock,ACTIVE,0.07,69.0,22.99,3.0,43.0,5.0,0.0,False,,4.8,4590.0,22.91,0.0449438202247191,0.625,51.0,Glad for Kids,0.5225,"B0GF48QN53 (Glad Kids - 7"" Round Paper Plate - 20ct - Paw Patrol - Core Pups Blue (5 pack))",[],True,False,True,True,Disposable Tabletop,24.0,B0GF48QN53,2026-04-12,4.18,51.82,8.0,178.0,5.0
In Stock,ACTIVE,0.0,0.0,,0.0,26.0,5.0,0.0,False,,4.8,4587.0,22.91,0.04330708661417323,0.8181818181818182,47.0,Glad for Kids,0.5718181818181818,"B0GF48QN53 (Glad Kids - 7"" Round Paper Plate - 20ct - Paw Patrol - Core Pups Blue (5 pack))",[],True,False,True,True,Disposable Tabletop,0.0,B0GF48QN53,2026-04-11,6.29,85.05,11.0,254.0,9.0
In Stock,ACTIVE,0.063,23.0,22.91,1.0,16.0,5.0,0.0,False,,4.8,4587.0,22.97,0.01081081081081081,1.0,58.0,Glad for Kids,0.6,"B0GF48QN53 (Glad Kids - 7"" Round Paper Plate - 20ct - Paw Patrol - Core Pups Blue (5 pack))",[],True,False,True,True,Disposable Tabletop,26.0,B0GF48QN53,2026-04-10,1.2,17.97,2.0,185.0,2.0
In Stock,ACTIVE,0.07400000000000001,45.0,22.44,2.0,27.0,5.0,0.0,False,,4.8,4586.0,22.44,0.03592814371257485,0.5,61.0,Glad for Kids,0.58,"B0GF48QN53 (Glad Kids - 7"" Round Paper Plate - 20ct - Paw Patrol - Core Pups Blue (5 pack))",[],True,False,True,True,Disposable Tabletop,28.0,B0GF48QN53,2026-04-09,3.48,40.07,6.0,167.0,3.0
In Stock,ACTIVE,0.143,67.0,22.44,3.0,21.0,5.0,0.0,False,,4.8,4583.0,22.99,0.0234375,0.0,55.0,Glad for Kids,0.5499999999999999,"B0GF48QN53 (Glad Kids - 7"" Round Paper Plate - 20ct - Paw Patrol - Core Pups Blue (5 pack))",[],True,False,True,True,Disposable Tabletop,29.0,B0GF48QN53,2026-04-08,1.65,0.0,3.0,128.0,0.0
In Stock,ACTIVE,0.118,46.0,22.99,2.0,17.0,5.0,0.0,False,,4.8,4580.0,22.99,0.0,,56.0,Glad for Kids,,"B0GF48QN53 (Glad Kids - 7"" Round Paper Plate - 20ct - Paw Patrol - Core Pups Blue (5 pack))",[],True,False,True,True,Disposable Tabletop,33.0,B0GF48QN53,2026-04-07,0.0,0.0,0.0,100.0,0.0
In Stock,ACTIVE,0.087,46.0,22.99,2.0,23.0,5.0,0.0,False,,4.8,4577.0,22.99,0.02816901408450704,0.0,67.0,Glad for Kids,0.59,"B0GF48QN53 (Glad Kids - 7"" Round Paper Plate - 20ct - Paw Patrol - Core Pups Blue (5 pack))",[],True,False,True,True,Disposable Tabletop,32.0,B0GF48QN53,2026-04-06,1.18,0.0,2.0,71.0,0.0
In Stock,ACTIVE,0.125,46.0,22.99,2.0,16.0,5.0,0.0,False,,4.8,4574.0,22.99,0.0,,67.0,Glad for Kids,,"B0GF48QN53 (Glad Kids - 7"" Round Paper Plate - 20ct - Paw Patrol - Core Pups Blue (5 pack))",[],True,False,True,True,Disposable Tabletop,37.0,B0GF48QN53,2026-04-05,0.0,0.0,0.0,41.0,0.0
In Stock,ACTIVE,0.0,0.0,,0.0,14.0,5.0,0.0,False,,4.8,4571.0,22.99,,,73.0,Glad for Kids,,"B0GF48QN53 (Glad Kids - 7"" Round Paper Plate - 20ct - Paw Patrol - Core Pups Blue (5 pack))",[],True,False,True,True,Disposable Tabletop,37.0,B0GF48QN53,2026-04-04,0.0,0.0,0.0,0.0,0.0
In Stock,ACTIVE,0.143,46.0,22.99,2.0,14.0,5.0,0.0,False,,4.8,4569.0,22.99,,,70.0,Glad for Kids,,"B0GF48QN53 (Glad Kids - 7"" Round Paper Plate - 20ct - Paw Patrol - Core Pups Blue (5 pack))",[],True,False,True,True,Disposable Tabletop,38.0,B0GF48QN53,2026-04-03,0.0,0.0,0.0,0.0,0.0
In Stock,ACTIVE,0.182,46.0,22.99,2.0,11.0,5.0,0.0,False,,4.8,4566.0,22.99,,,79.0,Glad for Kids,,"B0GF48QN53 (Glad Kids - 7"" Round Paper Plate - 20ct - Paw Patrol - Core Pups Blue (5 pack))",[],True,False,True,True,Disposable Tabletop,41.0,B0GF48QN53,2026-04-02,0.0,0.0,0.0,0.0,0.0
In Stock,ACTIVE,0.1,23.0,22.99,1.0,10.0,5.0,0.0,False,,4.8,4563.0,22.99,,,82.0,Glad for Kids,,"B0GF48QN53 (Glad Kids - 7"" Round Paper Plate - 20ct - Paw Patrol - Core Pups Blue (5 pack))",[],True,False,True,True,Disposable Tabletop,41.0,B0GF48QN53,2026-04-01,0.0,0.0,0.0,0.0,0.0
In Stock,ACTIVE,0.095,46.0,22.99,2.0,21.0,5.0,0.0,False,,4.8,4562.0,22.99,,,72.0,Glad for Kids,,"B0GF48QN53 (Glad Kids - 7"" Round Paper Plate - 20ct - Paw Patrol - Core Pups Blue (5 pack))",[],True,False,True,True,Disposable Tabletop,43.0,B0GF48QN53,2026-03-31,0.0,0.0,0.0,0.0,0.0
In Stock,ACTIVE,0.0,0.0,,0.0,10.0,5.0,0.0,False,,4.8,4561.0,22.99,,,60.0,Glad for Kids,,"B0GF48QN53 (Glad Kids - 7"" Round Paper Plate - 20ct - Paw Patrol - Core Pups Blue (5 pack))",[],True,False,True,True,Disposable Tabletop,43.0,B0GF48QN53,2026-03-30,0.0,0.0,0.0,0.0,0.0
In Stock,ACTIVE,0.053,23.0,22.99,1.0,19.0,5.0,0.0,False,,4.8,4560.0,22.99,,,65.0,Glad for Kids,,"B0GF48QN53 (Glad Kids - 7"" Round Paper Plate - 20ct - Paw Patrol - Core Pups Blue (5 pack))",[],True,False,True,True,Disposable Tabletop,42.0,B0GF48QN53,2026-03-29,0.0,0.0,0.0,0.0,0.0
In Stock,ACTIVE,0.143,23.0,22.99,1.0,7.0,5.0,0.0,False,,4.8,4559.0,22.99,,,65.0,Glad for Kids,,"B0GF48QN53 (Glad Kids - 7"" Round Paper Plate - 20ct - Paw Patrol - Core Pups Blue (5 pack))",[],True,False,True,True,Disposable Tabletop,41.0,B0GF48QN53,2026-03-28,0.0,0.0,0.0,0.0,0.0
In Stock,ACTIVE,0.067,23.0,22.99,1.0,15.0,5.0,0.0,False,,4.8,4558.0,22.99,,,75.0,Glad for Kids,,"B0GF48QN53 (Glad Kids - 7"" Round Paper Plate - 20ct - Paw Patrol - Core Pups Blue (5 pack))",[],True,False,True,True,Disposable Tabletop,43.0,B0GF48QN53,2026-03-27,0.0,0.0,0.0,0.0,0.0
In Stock,ACTIVE,0.063,23.0,22.99,1.0,16.0,5.0,0.0,False,,4.8,4554.0,22.99,,,61.0,Glad for Kids,,"B0GF48QN53 (Glad Kids - 7"" Round Paper Plate - 20ct - Paw Patrol - Core Pups Blue (5 pack))",[],True,False,True,True,Disposable Tabletop,44.0,B0GF48QN53,2026-03-26,0.0,0.0,0.0,0.0,0.0
In Stock,ACTIVE,0.1,23.0,22.99,1.0,10.0,5.0,0.0,False,,4.8,4554.0,22.99,,,54.0,Glad for Kids,,"B0GF48QN53 (Glad Kids - 7"" Round Paper Plate - 20ct - Paw Patrol - Core Pups Blue (5 pack))",[],True,False,True,True,Disposable Tabletop,45.0,B0GF48QN53,2026-03-25,0.0,0.0,0.0,0.0,0.0
In Stock,ACTIVE,0.0,0.0,,0.0,7.0,5.0,0.0,False,,4.8,4553.0,19.8,,,49.0,Glad for Kids,,"B0GF48QN53 (Glad Kids - 7"" Round Paper Plate - 20ct - Paw Patrol - Core Pups Blue (5 pack))",[],True,False,True,True,Disposable Tabletop,45.0,B0GF48QN53,2026-03-24,0.0,0.0,0.0,0.0,0.0
In Stock,ACTIVE,0.091,23.0,22.99,1.0,11.0,5.0,0.0,False,,4.8,4551.0,22.99,,,48.0,Glad for Kids,,"B0GF48QN53 (Glad Kids - 7"" Round Paper Plate - 20ct - Paw Patrol - Core Pups Blue (5 pack))",[],True,False,True,True,Disposable Tabletop,45.0,B0GF48QN53,2026-03-23,0.0,0.0,0.0,0.0,0.0
In Stock,ACTIVE,0.0,0.0,,0.0,15.0,5.0,0.0,False,,4.8,4550.0,22.99,,,55.0,Glad for Kids,,"B0GF48QN53 (Glad Kids - 7"" Round Paper Plate - 20ct - Paw Patrol - Core Pups Blue (5 pack))",[],True,False,True,True,Disposable Tabletop,46.0,B0GF48QN53,2026-03-22,0.0,0.0,0.0,0.0,0.0
In Stock,ACTIVE,0.077,23.0,22.99,1.0,13.0,5.0,0.0,False,,4.8,4549.0,22.99,,,48.0,Glad for Kids,,"B0GF48QN53 (Glad Kids - 7"" Round Paper Plate - 20ct - Paw Patrol - Core Pups Blue (5 pack))",[],True,False,True,True,Disposable Tabletop,51.0,B0GF48QN53,2026-03-21,0.0,0.0,0.0,0.0,0.0
In Stock,ACTIVE,0.0,0.0,,0.0,10.0,5.0,0.0,False,,4.8,4497.0,22.99,,,42.0,Glad for Kids,,"B0GF48QN53 (Glad Kids - 7"" Round Paper Plate - 20ct - Paw Patrol - Core Pups Blue (5 pack))",[],True,False,True,True,Disposable Tabletop,14.0,B0GF48QN53,2026-02-10,,,,,
In Stock,ACTIVE,0.154,46.0,22.99,2.0,13.0,5.0,0.0,False,,4.8,4497.0,22.99,,,43.0,Glad for Kids,,"B0GF48QN53 (Glad Kids - 7"" Round Paper Plate - 20ct - Paw Patrol - Core Pups Blue (5 pack))",[],True,False,True,True,Disposable Tabletop,17.0,B0GF48QN53,2026-02-09,,,,,
In Stock,ACTIVE,0.0,0.0,,0.0,15.0,5.0,0.0,False,,4.8,4496.0,22.99,,,46.0,Glad for Kids,,"B0GF48QN53 (Glad Kids - 7"" Round Paper Plate - 20ct - Paw Patrol - Core Pups Blue (5 pack))",[],True,False,True,True,Disposable Tabletop,11.0,B0GF48QN53,2026-02-08,,,,,
In Stock,ACTIVE,0.0,,,,8.0,5.0,0.0,False,,4.8,4494.0,22.99,,,52.0,Glad for Kids,,"B0GF48QN53 (Glad Kids - 7"" Round Paper Plate - 20ct - Paw Patrol - Core Pups Blue (5 pack))",[],True,False,True,True,Disposable Tabletop,14.0,B0GF48QN53,2026-02-07,,,,,
In Stock,ACTIVE,,,,,,4.0,0.0,False,,4.4,5623.0,22.87,,,295.0,Arm & Hammer,,"B0GF4B1S6K (Arm & Hammer Dental Treats Nubbies Originals for Dogs in Peanut Butter Flavor, 20 Count - 4-Pack)",[],True,True,True,False,Treats & Chews,,B0GF4B1S6K,2026-05-15,,,,,
In Stock,ACTIVE,,46.0,22.89,2.0,,4.0,0.0,False,,4.4,5623.0,22.9,,,313.0,Arm & Hammer,,"B0GF4B1S6K (Arm & Hammer Dental Treats Nubbies Originals for Dogs in Peanut Butter Flavor, 20 Count - 4-Pack)",[],True,True,True,False,Treats & Chews,,B0GF4B1S6K,2026-05-14,,,,,
In Stock,ACTIVE,,46.0,22.9,2.0,,4.0,0.0,False,,4.4,5623.0,22.92,,,284.0,Arm & Hammer,,"B0GF4B1S6K (Arm & Hammer Dental Treats Nubbies Originals for Dogs in Peanut Butter Flavor, 20 Count - 4-Pack)",[],True,True,True,False,Treats & Chews,,B0GF4B1S6K,2026-05-13,,,,,
In Stock,ACTIVE,,23.0,22.9,1.0,,4.0,0.0,False,,4.4,5622.0,22.99,,,267.0,Arm & Hammer,,"B0GF4B1S6K (Arm & Hammer Dental Treats Nubbies Originals for Dogs in Peanut Butter Flavor, 20 Count - 4-Pack)",[],True,True,True,False,Treats & Chews,,B0GF4B1S6K,2026-05-12,,,,,
In Stock,ACTIVE,0.0,,,,3.0,4.0,0.0,False,,4.4,5620.0,23.39,,,263.0,Arm & Hammer,,"B0GF4B1S6K (Arm & Hammer Dental Treats Nubbies Originals for Dogs in Peanut Butter Flavor, 20 Count - 4-Pack)",[],True,True,True,False,Treats & Chews,204.0,B0GF4B1S6K,2026-05-11,,,,,
In Stock,ACTIVE,0.333,23.0,23.39,1.0,3.0,4.0,0.0,False,,4.4,5620.0,23.43,,,269.0,Arm & Hammer,,"B0GF4B1S6K (Arm & Hammer Dental Treats Nubbies Originals for Dogs in Peanut Butter Flavor, 20 Count - 4-Pack)",[],True,True,True,False,Treats & Chews,208.0,B0GF4B1S6K,2026-05-10,,,,,
In Stock,ACTIVE,0.25,47.0,23.43,2.0,8.0,4.0,0.0,False,,4.4,5618.0,23.47,,,276.0,Arm & Hammer,,"B0GF4B1S6K (Arm & Hammer Dental Treats Nubbies Originals for Dogs in Peanut Butter Flavor, 20 Count - 4-Pack)",[],True,True,True,False,Treats & Chews,206.0,B0GF4B1S6K,2026-05-09,,,,,
